{
  "event_id": "529f-dece-615e-AuthAccMgmt",
  "client_id": "e4421ac7-bb47-4467-bdeb-18e81881990c",
  "timestamp": 1647969131,
  "timestamp_formatted": "2022-03-22T17:12:11.000Z",
  "event_name": "AUTH_LOG_IN_SUCCESS",
  "component_id": "https://auth.staging.account.gov.uk",
  "user": {
    "transaction_id": "34055c0e53c26f892c187b128c3d8508e85d0ee927bad3fb4945d27b06dc7027",
    "user_id": "urn:fdc:gov.uk:2022:Lm6E-98AfvdiVgH6uzdDNtEb6Ss-76TBPlIojgZ3l2f",
    "email": "1c87ec8fe1e1de279f84e4eb58d7df393f021e28e1a9a7ed7c88683a2b11eca6",
    "phone": "e951087cc247da7a047cab7011393972a08e732c28c3af48684c8fbadf492bb2",
    "ip_address": "181.246.129.108",
    "session_id": "ca554782-8189-4a13-93da-9009244e06e9",
    "persistent_session_id": "...",
    "govuk_signin_journey_id": "915b-e4a4-6bg2-b8dd"
  },
  "platform": {
    "xray_trace_id": "24727sda4192"
  },
  "restricted": {
    "experian_ref": "7a4639b0bcd4dbc6f8b565b8adfa0c6df391cc107bba62e0a5e13c207dc6fe0f"
  },
  "extensions": {
    "response": "Authentification successful"
  }
}