{
  "event_id": "529f-dece-615e-FRUD",
  "timestamp": 1647969131,
  "timestamp_formatted": "2022-03-22T17:12:11.000Z",
  "event_name": "IPV_FRAUD_CRI_START",
  "component_id": "https://review-f.integration.account.gov.uk"
}