{
  "event_id": "529f-dece-615e-IPVCI",
  "timestamp": 1647969131,
  "timestamp_formatted": "2022-03-22T17:12:11.000Z",
  "event_name": "IPV_CONTRA_INDICATOR_STORAGE_GET_START",
  "component_id": "https://ci-storage.account.gov.uk",
  "client_id": "NO_IPVCI_CLIENT_ID_YET",
  "user": {
    "govuk_signin_journey_id": "915b-e4a4-6bg2-b8dd"
  },
  "reIngestCount": 0
}
