{
  "event_id": "529f-dece-615e-dIPV",
  "timestamp": 1647969131,
  "timestamp_formatted": "2022-03-22T17:12:11.000Z",
  "event_name": "IPV_JOURNEY_START",
  "component_id": "https://identity.staging.account.gov.uk",
  "client_id": "NO_IPV_CLIENT_ID_YET",
  "user": {
    "govuk_signin_journey_id": "915b-e4a4-6bg2-b8dd",
    "user_id": "c908919ea90a088258e2100643c02a8fa4c5767a5bf333b728df86a2bf92986b"
  },
  "reIngestCount": 0
}
