{
  "event_id": "529f-dece-615e-AuthToAcct",
  "client_id": "e4421ac7-bb47-4467-auth-18e81881990c",
  "timestamp": 1647969131,
  "timestamp_formatted": "2022-03-22T17:12:11.000Z",
  "event_name": "AUTH_AUTH_CODE_ISSUED",
  "user": {
    "govuk_signin_journey_id": "915b-e4a4-6bg2-b8dt",
    "user_id": "urn:fdc:gov.uk:2022:Lm6E-98AfvdiVgH6uzdDNtEb6Ss-76TBPlIojgZ3ldt"
  },
}
