{
  "event_id": "529f-dece-615e-AuthOIDC",
  "timestamp": 1647969131,
  "timestamp_formatted": "2022-03-22T17:12:11.000Z",
  "event_name": "AUTH_LOG_OUT_SUCCESS",
  "component_id": "https://oidc.staging.account.gov.uk"
}