{
  "event_id": "529f-dece-615e-PASS",
  "timestamp": 1647969131,
  "timestamp_formatted": "2022-03-22T17:12:11.000Z",
  "event_name": "IPV_PASSPORT_CRI_START",
  "component_id": "IPV-Pass"
}