{
  "event_id": "529f-dece-615e-ADDR",
  "timestamp": 1647969131,
  "timestamp_formatted": "2022-03-22T17:12:11.000Z",
  "event_name": "IPV_ADDRESS_CRI_START",
  "component_id": "https://review-a.staging.account.gov.uk",
  "client_id": "NO_ADDRESS_CLIENT_ID_YET",
  "user": {
    "govuk_signin_journey_id": "915b-e4a4-6bg2-b8dd"
  },
  "reIngestCount": 0
}
